Copyright 1986-2022 Xilinx, Inc. All Rights Reserved. Copyright 2022-2024 Advanced Micro Devices, Inc. All Rights Reserved.
---------------------------------------------------------------------------------------------------------------------------------------------
| Tool Version : Vivado v.2024.1 (win64) Build 5076996 Wed May 22 18:37:14 MDT 2024
| Date         : Thu Nov 21 18:41:03 2024
| Host         : DESKTOP-J1G93P6 running 64-bit major release  (build 9200)
| Command      : report_control_sets -verbose -file RICSVCORE_control_sets_placed.rpt
| Design       : RICSVCORE
| Device       : xc7z007s
---------------------------------------------------------------------------------------------------------------------------------------------

Control Set Information

Table of Contents
-----------------
1. Summary
2. Histogram
3. Flip-Flop Distribution
4. Detailed Control Set Information

1. Summary
----------

+----------------------------------------------------------+-------+
|                          Status                          | Count |
+----------------------------------------------------------+-------+
| Total control sets                                       |   293 |
|    Minimum number of control sets                        |   293 |
|    Addition due to synthesis replication                 |     0 |
|    Addition due to physical synthesis replication        |     0 |
| Unused register locations in slices containing registers |    24 |
+----------------------------------------------------------+-------+
* Control sets can be merged at opt_design using control_set_merge or merge_equivalent_drivers
** Run report_qor_suggestions for automated merging and remapping suggestions


2. Histogram
------------

+--------------------+-------+
|       Fanout       | Count |
+--------------------+-------+
| Total control sets |   293 |
| >= 0 to < 4        |     1 |
| >= 4 to < 6        |     0 |
| >= 6 to < 8        |     0 |
| >= 8 to < 10       |     0 |
| >= 10 to < 12      |     0 |
| >= 12 to < 14      |     0 |
| >= 14 to < 16      |     0 |
| >= 16              |   292 |
+--------------------+-------+
* Control sets can be remapped at either synth_design or opt_design


3. Flip-Flop Distribution
-------------------------

+--------------+-----------------------+------------------------+-----------------+--------------+
| Clock Enable | Synchronous Set/Reset | Asynchronous Set/Reset | Total Registers | Total Slices |
+--------------+-----------------------+------------------------+-----------------+--------------+
| No           | No                    | No                     |              97 |           56 |
| No           | No                    | Yes                    |             300 |           81 |
| No           | Yes                   | No                     |             992 |          513 |
| Yes          | No                    | No                     |               0 |            0 |
| Yes          | No                    | Yes                    |            8275 |         3663 |
| Yes          | Yes                   | No                     |               0 |            0 |
+--------------+-----------------------+------------------------+-----------------+--------------+


4. Detailed Control Set Information
-----------------------------------

+-------------------------------------------------------------------+------------------------------------------------------------------------+-----------------------------------------------------+------------------+----------------+--------------+
|                            Clock Signal                           |                              Enable Signal                             |                   Set/Reset Signal                  | Slice Load Count | Bel Load Count | Bels / Slice |
+-------------------------------------------------------------------+------------------------------------------------------------------------+-----------------------------------------------------+------------------+----------------+--------------+
|  debug_clk_IBUF_BUFG                                              |                                                                        | internal_connections_inst/DATA_MEMORY_INST/resetbar |                1 |              1 |         1.00 |
|  clock_IBUF_BUFG                                                  | internal_connections_inst/IDEX_INST/hazardunit_ifidwrite_to_ifid       | internal_connections_inst/DATA_MEMORY_INST/resetbar |                8 |             31 |         3.88 |
|  internal_connections_inst/MEMWB_INST/RegWrite_reg_reg_21[0]      |                                                                        | internal_connections_inst/DATA_MEMORY_INST/resetbar |               17 |             32 |         1.88 |
|  internal_connections_inst/MEMWB_INST/RegWrite_reg_reg_10_BUFG[0] |                                                                        | internal_connections_inst/DATA_MEMORY_INST/resetbar |               16 |             32 |         2.00 |
|  internal_connections_inst/MEMWB_INST/RegWrite_reg_reg_19[0]      |                                                                        | internal_connections_inst/DATA_MEMORY_INST/resetbar |               13 |             32 |         2.46 |
|  internal_connections_inst/MEMWB_INST/RegWrite_reg_reg_16_BUFG[0] |                                                                        | internal_connections_inst/DATA_MEMORY_INST/resetbar |               14 |             32 |         2.29 |
|  internal_connections_inst/MEMWB_INST/RegWrite_reg_reg_23[0]      |                                                                        | internal_connections_inst/DATA_MEMORY_INST/resetbar |               16 |             32 |         2.00 |
|  internal_connections_inst/MEMWB_INST/RegWrite_reg_reg_24[0]      |                                                                        | internal_connections_inst/DATA_MEMORY_INST/resetbar |               18 |             32 |         1.78 |
|  internal_connections_inst/MEMWB_INST/RegWrite_reg_reg_29[0]      |                                                                        | internal_connections_inst/DATA_MEMORY_INST/resetbar |               17 |             32 |         1.88 |
|  internal_connections_inst/MEMWB_INST/RegWrite_reg_reg_0_BUFG[0]  |                                                                        | internal_connections_inst/DATA_MEMORY_INST/resetbar |               17 |             32 |         1.88 |
|  internal_connections_inst/MEMWB_INST/RegWrite_reg_reg_15_BUFG[0] |                                                                        | internal_connections_inst/DATA_MEMORY_INST/resetbar |               18 |             32 |         1.78 |
|  internal_connections_inst/MEMWB_INST/RegWrite_reg_reg_2[0]       |                                                                        | internal_connections_inst/DATA_MEMORY_INST/resetbar |               13 |             32 |         2.46 |
|  internal_connections_inst/MEMWB_INST/RegWrite_reg_reg_3[0]       |                                                                        | internal_connections_inst/DATA_MEMORY_INST/resetbar |               17 |             32 |         1.88 |
|  internal_connections_inst/MEMWB_INST/RegWrite_reg_reg_27[0]      |                                                                        | internal_connections_inst/DATA_MEMORY_INST/resetbar |               16 |             32 |         2.00 |
|  internal_connections_inst/MEMWB_INST/RegWrite_reg_reg_4[0]       |                                                                        | internal_connections_inst/DATA_MEMORY_INST/resetbar |               17 |             32 |         1.88 |
|  internal_connections_inst/MEMWB_INST/RegWrite_reg_reg_7[0]       |                                                                        | internal_connections_inst/DATA_MEMORY_INST/resetbar |               19 |             32 |         1.68 |
|  internal_connections_inst/MEMWB_INST/E_BUFG[0]                   |                                                                        | internal_connections_inst/DATA_MEMORY_INST/resetbar |               17 |             32 |         1.88 |
|  internal_connections_inst/MEMWB_INST/RegWrite_reg_reg_12_BUFG[0] |                                                                        | internal_connections_inst/DATA_MEMORY_INST/resetbar |               19 |             32 |         1.68 |
|  internal_connections_inst/MEMWB_INST/RegWrite_reg_reg_1[0]       |                                                                        | internal_connections_inst/DATA_MEMORY_INST/resetbar |               19 |             32 |         1.68 |
|  internal_connections_inst/MEMWB_INST/RegWrite_reg_reg_13_BUFG[0] |                                                                        | internal_connections_inst/DATA_MEMORY_INST/resetbar |               18 |             32 |         1.78 |
|  internal_connections_inst/MEMWB_INST/RegWrite_reg_reg_11_BUFG[0] |                                                                        | internal_connections_inst/DATA_MEMORY_INST/resetbar |               17 |             32 |         1.88 |
|  internal_connections_inst/MEMWB_INST/RegWrite_reg_reg_17[0]      |                                                                        | internal_connections_inst/DATA_MEMORY_INST/resetbar |               14 |             32 |         2.29 |
|  internal_connections_inst/MEMWB_INST/RegWrite_reg_reg_18[0]      |                                                                        | internal_connections_inst/DATA_MEMORY_INST/resetbar |               16 |             32 |         2.00 |
|  internal_connections_inst/MEMWB_INST/RegWrite_reg_reg_20[0]      |                                                                        | internal_connections_inst/DATA_MEMORY_INST/resetbar |               17 |             32 |         1.88 |
|  internal_connections_inst/MEMWB_INST/RegWrite_reg_reg_22[0]      |                                                                        | internal_connections_inst/DATA_MEMORY_INST/resetbar |               14 |             32 |         2.29 |
|  internal_connections_inst/MEMWB_INST/RegWrite_reg_reg_26[0]      |                                                                        | internal_connections_inst/DATA_MEMORY_INST/resetbar |               19 |             32 |         1.68 |
|  internal_connections_inst/MEMWB_INST/RegWrite_reg_reg_5[0]       |                                                                        | internal_connections_inst/DATA_MEMORY_INST/resetbar |               16 |             32 |         2.00 |
|  internal_connections_inst/MEMWB_INST/RegWrite_reg_reg_6[0]       |                                                                        | internal_connections_inst/DATA_MEMORY_INST/resetbar |               18 |             32 |         1.78 |
|  internal_connections_inst/MEMWB_INST/RegWrite_reg_reg_14_BUFG[0] |                                                                        | internal_connections_inst/DATA_MEMORY_INST/resetbar |               18 |             32 |         1.78 |
|  internal_connections_inst/MEMWB_INST/RegWrite_reg_reg_28[0]      |                                                                        | internal_connections_inst/DATA_MEMORY_INST/resetbar |               15 |             32 |         2.13 |
|  internal_connections_inst/MEMWB_INST/RegWrite_reg_reg_8[0]       |                                                                        | internal_connections_inst/DATA_MEMORY_INST/resetbar |               16 |             32 |         2.00 |
|  internal_connections_inst/MEMWB_INST/RegWrite_reg_reg_9[0]       |                                                                        | internal_connections_inst/DATA_MEMORY_INST/resetbar |               15 |             32 |         2.13 |
|  internal_connections_inst/MEMWB_INST/RegWrite_reg_reg_25[0]      |                                                                        | internal_connections_inst/DATA_MEMORY_INST/resetbar |               17 |             32 |         1.88 |
|  clock_IBUF_BUFG                                                  | internal_connections_inst/EXMEM_INST/E[0]                              | internal_connections_inst/DATA_MEMORY_INST/resetbar |               17 |             32 |         1.88 |
|  clock_IBUF_BUFG                                                  | internal_connections_inst/EXMEM_INST/aluresult_reg_reg[0]_25[0]        | internal_connections_inst/DATA_MEMORY_INST/resetbar |               13 |             32 |         2.46 |
|  clock_IBUF_BUFG                                                  | internal_connections_inst/EXMEM_INST/aluresult_reg_reg[0]_19[0]        | internal_connections_inst/DATA_MEMORY_INST/resetbar |               18 |             32 |         1.78 |
|  clock_IBUF_BUFG                                                  | internal_connections_inst/EXMEM_INST/aluresult_reg_reg[0]_31[0]        | internal_connections_inst/DATA_MEMORY_INST/resetbar |               16 |             32 |         2.00 |
|  clock_IBUF_BUFG                                                  | internal_connections_inst/EXMEM_INST/aluresult_reg_reg[0]_8[0]         | internal_connections_inst/DATA_MEMORY_INST/resetbar |               16 |             32 |         2.00 |
|  clock_IBUF_BUFG                                                  | internal_connections_inst/EXMEM_INST/aluresult_reg_reg[1]_1[0]         | internal_connections_inst/DATA_MEMORY_INST/resetbar |               18 |             32 |         1.78 |
|  clock_IBUF_BUFG                                                  | internal_connections_inst/EXMEM_INST/aluresult_reg_reg[0]_13[0]        | internal_connections_inst/DATA_MEMORY_INST/resetbar |               16 |             32 |         2.00 |
|  clock_IBUF_BUFG                                                  | internal_connections_inst/EXMEM_INST/aluresult_reg_reg[1]_11[0]        | internal_connections_inst/DATA_MEMORY_INST/resetbar |               16 |             32 |         2.00 |
|  clock_IBUF_BUFG                                                  | internal_connections_inst/EXMEM_INST/aluresult_reg_reg[0]_14[0]        | internal_connections_inst/DATA_MEMORY_INST/resetbar |               13 |             32 |         2.46 |
|  clock_IBUF_BUFG                                                  | internal_connections_inst/EXMEM_INST/aluresult_reg_reg[0]_2[0]         | internal_connections_inst/DATA_MEMORY_INST/resetbar |               16 |             32 |         2.00 |
|  clock_IBUF_BUFG                                                  | internal_connections_inst/EXMEM_INST/aluresult_reg_reg[0]_34[0]        | internal_connections_inst/DATA_MEMORY_INST/resetbar |               16 |             32 |         2.00 |
|  clock_IBUF_BUFG                                                  | internal_connections_inst/EXMEM_INST/aluresult_reg_reg[1]_12[0]        | internal_connections_inst/DATA_MEMORY_INST/resetbar |               13 |             32 |         2.46 |
|  clock_IBUF_BUFG                                                  | internal_connections_inst/EXMEM_INST/aluresult_reg_reg[1]_14[0]        | internal_connections_inst/DATA_MEMORY_INST/resetbar |               14 |             32 |         2.29 |
|  clock_IBUF_BUFG                                                  | internal_connections_inst/EXMEM_INST/aluresult_reg_reg[1]_2[0]         | internal_connections_inst/DATA_MEMORY_INST/resetbar |               20 |             32 |         1.60 |
|  clock_IBUF_BUFG                                                  | internal_connections_inst/EXMEM_INST/aluresult_reg_reg[1]_13[0]        | internal_connections_inst/DATA_MEMORY_INST/resetbar |               17 |             32 |         1.88 |
|  clock_IBUF_BUFG                                                  | internal_connections_inst/EXMEM_INST/aluresult_reg_reg[1]_3[0]         | internal_connections_inst/DATA_MEMORY_INST/resetbar |               15 |             32 |         2.13 |
|  clock_IBUF_BUFG                                                  | internal_connections_inst/EXMEM_INST/aluresult_reg_reg[1]_4[0]         | internal_connections_inst/DATA_MEMORY_INST/resetbar |               17 |             32 |         1.88 |
|  clock_IBUF_BUFG                                                  | internal_connections_inst/EXMEM_INST/aluresult_reg_reg[1]_5[0]         | internal_connections_inst/DATA_MEMORY_INST/resetbar |               15 |             32 |         2.13 |
|  clock_IBUF_BUFG                                                  | internal_connections_inst/EXMEM_INST/aluresult_reg_reg[0]_0[0]         | internal_connections_inst/DATA_MEMORY_INST/resetbar |               17 |             32 |         1.88 |
|  clock_IBUF_BUFG                                                  | internal_connections_inst/EXMEM_INST/aluresult_reg_reg[1]_6[0]         | internal_connections_inst/DATA_MEMORY_INST/resetbar |               18 |             32 |         1.78 |
|  clock_IBUF_BUFG                                                  | internal_connections_inst/EXMEM_INST/aluresult_reg_reg[1]_7[0]         | internal_connections_inst/DATA_MEMORY_INST/resetbar |               17 |             32 |         1.88 |
|  clock_IBUF_BUFG                                                  | internal_connections_inst/EXMEM_INST/aluresult_reg_reg[1]_8[0]         | internal_connections_inst/DATA_MEMORY_INST/resetbar |               17 |             32 |         1.88 |
|  clock_IBUF_BUFG                                                  | internal_connections_inst/EXMEM_INST/aluresult_reg_reg[0]_21[0]        | internal_connections_inst/DATA_MEMORY_INST/resetbar |               21 |             32 |         1.52 |
|  clock_IBUF_BUFG                                                  | internal_connections_inst/EXMEM_INST/aluresult_reg_reg[1]_9[0]         | internal_connections_inst/DATA_MEMORY_INST/resetbar |               16 |             32 |         2.00 |
|  clock_IBUF_BUFG                                                  | internal_connections_inst/EXMEM_INST/aluresult_reg_reg[0]_22[0]        | internal_connections_inst/DATA_MEMORY_INST/resetbar |               20 |             32 |         1.60 |
|  clock_IBUF_BUFG                                                  | internal_connections_inst/EXMEM_INST/aluresult_reg_reg[0]_17[0]        | internal_connections_inst/DATA_MEMORY_INST/resetbar |               18 |             32 |         1.78 |
|  clock_IBUF_BUFG                                                  | internal_connections_inst/EXMEM_INST/aluresult_reg_reg[0]_10[0]        | internal_connections_inst/DATA_MEMORY_INST/resetbar |               18 |             32 |         1.78 |
|  clock_IBUF_BUFG                                                  | internal_connections_inst/EXMEM_INST/aluresult_reg_reg[0]_26[0]        | internal_connections_inst/DATA_MEMORY_INST/resetbar |               12 |             32 |         2.67 |
|  clock_IBUF_BUFG                                                  | internal_connections_inst/EXMEM_INST/aluresult_reg_reg[0]_30[0]        | internal_connections_inst/DATA_MEMORY_INST/resetbar |               16 |             32 |         2.00 |
|  clock_IBUF_BUFG                                                  | internal_connections_inst/EXMEM_INST/aluresult_reg_reg[0]_24[0]        | internal_connections_inst/DATA_MEMORY_INST/resetbar |               16 |             32 |         2.00 |
|  clock_IBUF_BUFG                                                  | internal_connections_inst/EXMEM_INST/aluresult_reg_reg[0]_32[0]        | internal_connections_inst/DATA_MEMORY_INST/resetbar |               16 |             32 |         2.00 |
|  clock_IBUF_BUFG                                                  | internal_connections_inst/EXMEM_INST/aluresult_reg_reg[0]_33[0]        | internal_connections_inst/DATA_MEMORY_INST/resetbar |               14 |             32 |         2.29 |
|  clock_IBUF_BUFG                                                  | internal_connections_inst/EXMEM_INST/aluresult_reg_reg[0]_36[0]        | internal_connections_inst/DATA_MEMORY_INST/resetbar |               17 |             32 |         1.88 |
|  clock_IBUF_BUFG                                                  | internal_connections_inst/EXMEM_INST/aluresult_reg_reg[0]_37[0]        | internal_connections_inst/DATA_MEMORY_INST/resetbar |               18 |             32 |         1.78 |
|  clock_IBUF_BUFG                                                  | internal_connections_inst/EXMEM_INST/aluresult_reg_reg[0]_12[0]        | internal_connections_inst/DATA_MEMORY_INST/resetbar |               17 |             32 |         1.88 |
|  clock_IBUF_BUFG                                                  | internal_connections_inst/EXMEM_INST/aluresult_reg_reg[0]_18[0]        | internal_connections_inst/DATA_MEMORY_INST/resetbar |               15 |             32 |         2.13 |
|  clock_IBUF_BUFG                                                  | internal_connections_inst/EXMEM_INST/aluresult_reg_reg[0]_39[0]        | internal_connections_inst/DATA_MEMORY_INST/resetbar |               18 |             32 |         1.78 |
|  clock_IBUF_BUFG                                                  | internal_connections_inst/EXMEM_INST/aluresult_reg_reg[0]_4[0]         | internal_connections_inst/DATA_MEMORY_INST/resetbar |               22 |             32 |         1.45 |
|  clock_IBUF_BUFG                                                  | internal_connections_inst/EXMEM_INST/aluresult_reg_reg[0]_35[0]        | internal_connections_inst/DATA_MEMORY_INST/resetbar |               19 |             32 |         1.68 |
|  clock_IBUF_BUFG                                                  | internal_connections_inst/EXMEM_INST/aluresult_reg_reg[0]_38[0]        | internal_connections_inst/DATA_MEMORY_INST/resetbar |               17 |             32 |         1.88 |
|  clock_IBUF_BUFG                                                  | internal_connections_inst/EXMEM_INST/aluresult_reg_reg[0]_5[0]         | internal_connections_inst/DATA_MEMORY_INST/resetbar |               20 |             32 |         1.60 |
|  clock_IBUF_BUFG                                                  | internal_connections_inst/EXMEM_INST/aluresult_reg_reg[0]_15[0]        | internal_connections_inst/DATA_MEMORY_INST/resetbar |               16 |             32 |         2.00 |
|  clock_IBUF_BUFG                                                  | internal_connections_inst/EXMEM_INST/aluresult_reg_reg[0]_6[0]         | internal_connections_inst/DATA_MEMORY_INST/resetbar |               21 |             32 |         1.52 |
|  clock_IBUF_BUFG                                                  | internal_connections_inst/EXMEM_INST/aluresult_reg_reg[0]_7[0]         | internal_connections_inst/DATA_MEMORY_INST/resetbar |               19 |             32 |         1.68 |
|  clock_IBUF_BUFG                                                  | internal_connections_inst/EXMEM_INST/aluresult_reg_reg[0]_3[0]         | internal_connections_inst/DATA_MEMORY_INST/resetbar |               19 |             32 |         1.68 |
|  clock_IBUF_BUFG                                                  | internal_connections_inst/EXMEM_INST/aluresult_reg_reg[0]_27[0]        | internal_connections_inst/DATA_MEMORY_INST/resetbar |               17 |             32 |         1.88 |
|  clock_IBUF_BUFG                                                  | internal_connections_inst/EXMEM_INST/aluresult_reg_reg[0]_9[0]         | internal_connections_inst/DATA_MEMORY_INST/resetbar |               17 |             32 |         1.88 |
|  clock_IBUF_BUFG                                                  | internal_connections_inst/EXMEM_INST/aluresult_reg_reg[0]_16[0]        | internal_connections_inst/DATA_MEMORY_INST/resetbar |               16 |             32 |         2.00 |
|  clock_IBUF_BUFG                                                  | internal_connections_inst/EXMEM_INST/aluresult_reg_reg[1]_0[0]         | internal_connections_inst/DATA_MEMORY_INST/resetbar |               17 |             32 |         1.88 |
|  clock_IBUF_BUFG                                                  | internal_connections_inst/EXMEM_INST/aluresult_reg_reg[1]_10[0]        | internal_connections_inst/DATA_MEMORY_INST/resetbar |               16 |             32 |         2.00 |
|  clock_IBUF_BUFG                                                  | internal_connections_inst/EXMEM_INST/aluresult_reg_reg[0]_1[0]         | internal_connections_inst/DATA_MEMORY_INST/resetbar |               18 |             32 |         1.78 |
|  clock_IBUF_BUFG                                                  | internal_connections_inst/EXMEM_INST/aluresult_reg_reg[0]_28[0]        | internal_connections_inst/DATA_MEMORY_INST/resetbar |               13 |             32 |         2.46 |
|  clock_IBUF_BUFG                                                  | internal_connections_inst/EXMEM_INST/aluresult_reg_reg[0]_29[0]        | internal_connections_inst/DATA_MEMORY_INST/resetbar |               13 |             32 |         2.46 |
|  clock_IBUF_BUFG                                                  | internal_connections_inst/EXMEM_INST/aluresult_reg_reg[0]_23[0]        | internal_connections_inst/DATA_MEMORY_INST/resetbar |               17 |             32 |         1.88 |
|  clock_IBUF_BUFG                                                  | internal_connections_inst/EXMEM_INST/aluresult_reg_reg[0]_11[0]        | internal_connections_inst/DATA_MEMORY_INST/resetbar |               15 |             32 |         2.13 |
|  clock_IBUF_BUFG                                                  | internal_connections_inst/EXMEM_INST/aluresult_reg_reg[0]_40[0]        | internal_connections_inst/DATA_MEMORY_INST/resetbar |               14 |             32 |         2.29 |
|  clock_IBUF_BUFG                                                  | internal_connections_inst/EXMEM_INST/aluresult_reg_reg[0]_20[0]        | internal_connections_inst/DATA_MEMORY_INST/resetbar |               19 |             32 |         1.68 |
|  clock_IBUF_BUFG                                                  | internal_connections_inst/EXMEM_INST/aluresult_reg_reg[2]_0[0]         | internal_connections_inst/DATA_MEMORY_INST/resetbar |               16 |             32 |         2.00 |
|  clock_IBUF_BUFG                                                  | internal_connections_inst/EXMEM_INST/aluresult_reg_reg[2]_7[0]         | internal_connections_inst/DATA_MEMORY_INST/resetbar |               16 |             32 |         2.00 |
|  clock_IBUF_BUFG                                                  | internal_connections_inst/EXMEM_INST/aluresult_reg_reg[2]_6[0]         | internal_connections_inst/DATA_MEMORY_INST/resetbar |               20 |             32 |         1.60 |
|  clock_IBUF_BUFG                                                  | internal_connections_inst/EXMEM_INST/aluresult_reg_reg[2]_9[0]         | internal_connections_inst/DATA_MEMORY_INST/resetbar |               16 |             32 |         2.00 |
|  clock_IBUF_BUFG                                                  | internal_connections_inst/EXMEM_INST/aluresult_reg_reg[2]_4[0]         | internal_connections_inst/DATA_MEMORY_INST/resetbar |               15 |             32 |         2.13 |
|  clock_IBUF_BUFG                                                  | internal_connections_inst/EXMEM_INST/aluresult_reg_reg[2]_2[0]         | internal_connections_inst/DATA_MEMORY_INST/resetbar |               18 |             32 |         1.78 |
|  clock_IBUF_BUFG                                                  | internal_connections_inst/EXMEM_INST/aluresult_reg_reg[2]_8[0]         | internal_connections_inst/DATA_MEMORY_INST/resetbar |               18 |             32 |         1.78 |
|  clock_IBUF_BUFG                                                  | internal_connections_inst/EXMEM_INST/aluresult_reg_reg[2]_1[0]         | internal_connections_inst/DATA_MEMORY_INST/resetbar |               20 |             32 |         1.60 |
|  clock_IBUF_BUFG                                                  | internal_connections_inst/EXMEM_INST/aluresult_reg_reg[2]_3[0]         | internal_connections_inst/DATA_MEMORY_INST/resetbar |               19 |             32 |         1.68 |
|  clock_IBUF_BUFG                                                  | internal_connections_inst/EXMEM_INST/aluresult_reg_reg[2]_5[0]         | internal_connections_inst/DATA_MEMORY_INST/resetbar |               19 |             32 |         1.68 |
|  clock_IBUF_BUFG                                                  | internal_connections_inst/EXMEM_INST/aluresult_reg_reg[3]_rep__0_12[0] | internal_connections_inst/DATA_MEMORY_INST/resetbar |               18 |             32 |         1.78 |
|  clock_IBUF_BUFG                                                  | internal_connections_inst/EXMEM_INST/aluresult_reg_reg[3]_rep__0_14[0] | internal_connections_inst/DATA_MEMORY_INST/resetbar |               22 |             32 |         1.45 |
|  clock_IBUF_BUFG                                                  | internal_connections_inst/EXMEM_INST/aluresult_reg_reg[3]_rep__0_15[0] | internal_connections_inst/DATA_MEMORY_INST/resetbar |               23 |             32 |         1.39 |
|  clock_IBUF_BUFG                                                  | internal_connections_inst/EXMEM_INST/aluresult_reg_reg[3]_rep__0_21[0] | internal_connections_inst/DATA_MEMORY_INST/resetbar |               22 |             32 |         1.45 |
|  clock_IBUF_BUFG                                                  | internal_connections_inst/EXMEM_INST/aluresult_reg_reg[3]_rep__0_19[0] | internal_connections_inst/DATA_MEMORY_INST/resetbar |               18 |             32 |         1.78 |
|  clock_IBUF_BUFG                                                  | internal_connections_inst/EXMEM_INST/aluresult_reg_reg[3]_rep__0_26[0] | internal_connections_inst/DATA_MEMORY_INST/resetbar |               15 |             32 |         2.13 |
|  clock_IBUF_BUFG                                                  | internal_connections_inst/EXMEM_INST/aluresult_reg_reg[3]_rep__0_23[0] | internal_connections_inst/DATA_MEMORY_INST/resetbar |               17 |             32 |         1.88 |
|  clock_IBUF_BUFG                                                  | internal_connections_inst/EXMEM_INST/aluresult_reg_reg[3]_rep__0_17[0] | internal_connections_inst/DATA_MEMORY_INST/resetbar |               16 |             32 |         2.00 |
|  clock_IBUF_BUFG                                                  | internal_connections_inst/EXMEM_INST/aluresult_reg_reg[3]_rep__0_7[0]  | internal_connections_inst/DATA_MEMORY_INST/resetbar |               16 |             32 |         2.00 |
|  clock_IBUF_BUFG                                                  | internal_connections_inst/EXMEM_INST/aluresult_reg_reg[4]_10[0]        | internal_connections_inst/DATA_MEMORY_INST/resetbar |               15 |             32 |         2.13 |
|  clock_IBUF_BUFG                                                  | internal_connections_inst/EXMEM_INST/aluresult_reg_reg[3]_rep__0_29[0] | internal_connections_inst/DATA_MEMORY_INST/resetbar |               17 |             32 |         1.88 |
|  clock_IBUF_BUFG                                                  | internal_connections_inst/EXMEM_INST/aluresult_reg_reg[3]_rep__0_27[0] | internal_connections_inst/DATA_MEMORY_INST/resetbar |               15 |             32 |         2.13 |
|  clock_IBUF_BUFG                                                  | internal_connections_inst/EXMEM_INST/aluresult_reg_reg[4]_12[0]        | internal_connections_inst/DATA_MEMORY_INST/resetbar |               23 |             32 |         1.39 |
|  clock_IBUF_BUFG                                                  | internal_connections_inst/EXMEM_INST/aluresult_reg_reg[3]_rep__0_20[0] | internal_connections_inst/DATA_MEMORY_INST/resetbar |               15 |             32 |         2.13 |
|  clock_IBUF_BUFG                                                  | internal_connections_inst/EXMEM_INST/aluresult_reg_reg[3]_rep__0_22[0] | internal_connections_inst/DATA_MEMORY_INST/resetbar |               17 |             32 |         1.88 |
|  clock_IBUF_BUFG                                                  | internal_connections_inst/EXMEM_INST/aluresult_reg_reg[4]_14[0]        | internal_connections_inst/DATA_MEMORY_INST/resetbar |               20 |             32 |         1.60 |
|  clock_IBUF_BUFG                                                  | internal_connections_inst/EXMEM_INST/aluresult_reg_reg[3]_rep__0_4[0]  | internal_connections_inst/DATA_MEMORY_INST/resetbar |               16 |             32 |         2.00 |
|  clock_IBUF_BUFG                                                  | internal_connections_inst/EXMEM_INST/aluresult_reg_reg[4]_11[0]        | internal_connections_inst/DATA_MEMORY_INST/resetbar |               16 |             32 |         2.00 |
|  clock_IBUF_BUFG                                                  | internal_connections_inst/EXMEM_INST/aluresult_reg_reg[3]_rep__0_16[0] | internal_connections_inst/DATA_MEMORY_INST/resetbar |               22 |             32 |         1.45 |
|  clock_IBUF_BUFG                                                  | internal_connections_inst/EXMEM_INST/aluresult_reg_reg[3]_rep__0_11[0] | internal_connections_inst/DATA_MEMORY_INST/resetbar |               16 |             32 |         2.00 |
|  clock_IBUF_BUFG                                                  | internal_connections_inst/EXMEM_INST/aluresult_reg_reg[3]_rep__0_30[0] | internal_connections_inst/DATA_MEMORY_INST/resetbar |               18 |             32 |         1.78 |
|  clock_IBUF_BUFG                                                  | internal_connections_inst/EXMEM_INST/aluresult_reg_reg[3]_rep__0_31[0] | internal_connections_inst/DATA_MEMORY_INST/resetbar |               19 |             32 |         1.68 |
|  clock_IBUF_BUFG                                                  | internal_connections_inst/EXMEM_INST/aluresult_reg_reg[3]_rep__0_32[0] | internal_connections_inst/DATA_MEMORY_INST/resetbar |               17 |             32 |         1.88 |
|  clock_IBUF_BUFG                                                  | internal_connections_inst/EXMEM_INST/aluresult_reg_reg[3]_rep__0_8[0]  | internal_connections_inst/DATA_MEMORY_INST/resetbar |               17 |             32 |         1.88 |
|  clock_IBUF_BUFG                                                  | internal_connections_inst/EXMEM_INST/aluresult_reg_reg[3]_rep__0_9[0]  | internal_connections_inst/DATA_MEMORY_INST/resetbar |               16 |             32 |         2.00 |
|  clock_IBUF_BUFG                                                  | internal_connections_inst/EXMEM_INST/aluresult_reg_reg[3]_rep__0_6[0]  | internal_connections_inst/DATA_MEMORY_INST/resetbar |               22 |             32 |         1.45 |
|  clock_IBUF_BUFG                                                  | internal_connections_inst/EXMEM_INST/aluresult_reg_reg[3]_rep__0_18[0] | internal_connections_inst/DATA_MEMORY_INST/resetbar |               14 |             32 |         2.29 |
|  clock_IBUF_BUFG                                                  | internal_connections_inst/EXMEM_INST/aluresult_reg_reg[3]_rep__0_2[0]  | internal_connections_inst/DATA_MEMORY_INST/resetbar |               16 |             32 |         2.00 |
|  clock_IBUF_BUFG                                                  | internal_connections_inst/EXMEM_INST/aluresult_reg_reg[3]_rep__0_25[0] | internal_connections_inst/DATA_MEMORY_INST/resetbar |               14 |             32 |         2.29 |
|  clock_IBUF_BUFG                                                  | internal_connections_inst/EXMEM_INST/aluresult_reg_reg[3]_rep__0_1[0]  | internal_connections_inst/DATA_MEMORY_INST/resetbar |               22 |             32 |         1.45 |
|  clock_IBUF_BUFG                                                  | internal_connections_inst/EXMEM_INST/aluresult_reg_reg[3]_rep__0_28[0] | internal_connections_inst/DATA_MEMORY_INST/resetbar |               15 |             32 |         2.13 |
|  clock_IBUF_BUFG                                                  | internal_connections_inst/EXMEM_INST/aluresult_reg_reg[3]_rep__0_33[0] | internal_connections_inst/DATA_MEMORY_INST/resetbar |               18 |             32 |         1.78 |
|  clock_IBUF_BUFG                                                  | internal_connections_inst/EXMEM_INST/aluresult_reg_reg[3]_rep__0_5[0]  | internal_connections_inst/DATA_MEMORY_INST/resetbar |               19 |             32 |         1.68 |
|  clock_IBUF_BUFG                                                  | internal_connections_inst/EXMEM_INST/aluresult_reg_reg[3]_rep__0_3[0]  | internal_connections_inst/DATA_MEMORY_INST/resetbar |               21 |             32 |         1.52 |
|  clock_IBUF_BUFG                                                  | internal_connections_inst/EXMEM_INST/aluresult_reg_reg[3]_rep__0_13[0] | internal_connections_inst/DATA_MEMORY_INST/resetbar |               15 |             32 |         2.13 |
|  clock_IBUF_BUFG                                                  | internal_connections_inst/EXMEM_INST/aluresult_reg_reg[3]_rep__0_24[0] | internal_connections_inst/DATA_MEMORY_INST/resetbar |               18 |             32 |         1.78 |
|  clock_IBUF_BUFG                                                  | internal_connections_inst/EXMEM_INST/aluresult_reg_reg[4]_13[0]        | internal_connections_inst/DATA_MEMORY_INST/resetbar |               17 |             32 |         1.88 |
|  clock_IBUF_BUFG                                                  | internal_connections_inst/EXMEM_INST/aluresult_reg_reg[4]_15[0]        | internal_connections_inst/DATA_MEMORY_INST/resetbar |               14 |             32 |         2.29 |
|  clock_IBUF_BUFG                                                  | internal_connections_inst/EXMEM_INST/aluresult_reg_reg[3]_rep__0_10[0] | internal_connections_inst/DATA_MEMORY_INST/resetbar |               16 |             32 |         2.00 |
|  clock_IBUF_BUFG                                                  | internal_connections_inst/EXMEM_INST/aluresult_reg_reg[6]_5[0]         | internal_connections_inst/DATA_MEMORY_INST/resetbar |               14 |             32 |         2.29 |
|  clock_IBUF_BUFG                                                  | internal_connections_inst/EXMEM_INST/aluresult_reg_reg[6]_0[0]         | internal_connections_inst/DATA_MEMORY_INST/resetbar |               17 |             32 |         1.88 |
|  clock_IBUF_BUFG                                                  | internal_connections_inst/EXMEM_INST/aluresult_reg_reg[4]_9[0]         | internal_connections_inst/DATA_MEMORY_INST/resetbar |               18 |             32 |         1.78 |
|  clock_IBUF_BUFG                                                  | internal_connections_inst/EXMEM_INST/aluresult_reg_reg[4]_6[0]         | internal_connections_inst/DATA_MEMORY_INST/resetbar |               19 |             32 |         1.68 |
|  clock_IBUF_BUFG                                                  | internal_connections_inst/EXMEM_INST/aluresult_reg_reg[5]_0[0]         | internal_connections_inst/DATA_MEMORY_INST/resetbar |               15 |             32 |         2.13 |
|  clock_IBUF_BUFG                                                  | internal_connections_inst/EXMEM_INST/aluresult_reg_reg[6]_6[0]         | internal_connections_inst/DATA_MEMORY_INST/resetbar |               18 |             32 |         1.78 |
|  clock_IBUF_BUFG                                                  | internal_connections_inst/EXMEM_INST/aluresult_reg_reg[4]_5[0]         | internal_connections_inst/DATA_MEMORY_INST/resetbar |               18 |             32 |         1.78 |
|  clock_IBUF_BUFG                                                  | internal_connections_inst/EXMEM_INST/aluresult_reg_reg[5]_2[0]         | internal_connections_inst/DATA_MEMORY_INST/resetbar |               17 |             32 |         1.88 |
|  clock_IBUF_BUFG                                                  | internal_connections_inst/EXMEM_INST/aluresult_reg_reg[5]_4[0]         | internal_connections_inst/DATA_MEMORY_INST/resetbar |               16 |             32 |         2.00 |
|  clock_IBUF_BUFG                                                  | internal_connections_inst/EXMEM_INST/aluresult_reg_reg[6]_4[0]         | internal_connections_inst/DATA_MEMORY_INST/resetbar |               16 |             32 |         2.00 |
|  clock_IBUF_BUFG                                                  | internal_connections_inst/EXMEM_INST/aluresult_reg_reg[6]_3[0]         | internal_connections_inst/DATA_MEMORY_INST/resetbar |               20 |             32 |         1.60 |
|  clock_IBUF_BUFG                                                  | internal_connections_inst/EXMEM_INST/aluresult_reg_reg[5]_9[0]         | internal_connections_inst/DATA_MEMORY_INST/resetbar |               17 |             32 |         1.88 |
|  clock_IBUF_BUFG                                                  | internal_connections_inst/EXMEM_INST/aluresult_reg_reg[4]_8[0]         | internal_connections_inst/DATA_MEMORY_INST/resetbar |               14 |             32 |         2.29 |
|  clock_IBUF_BUFG                                                  | internal_connections_inst/EXMEM_INST/aluresult_reg_reg[5]_6[0]         | internal_connections_inst/DATA_MEMORY_INST/resetbar |               17 |             32 |         1.88 |
|  clock_IBUF_BUFG                                                  | internal_connections_inst/EXMEM_INST/aluresult_reg_reg[6]_1[0]         | internal_connections_inst/DATA_MEMORY_INST/resetbar |               18 |             32 |         1.78 |
|  clock_IBUF_BUFG                                                  | internal_connections_inst/EXMEM_INST/aluresult_reg_reg[4]_7[0]         | internal_connections_inst/DATA_MEMORY_INST/resetbar |               20 |             32 |         1.60 |
|  clock_IBUF_BUFG                                                  | internal_connections_inst/EXMEM_INST/aluresult_reg_reg[5]_1[0]         | internal_connections_inst/DATA_MEMORY_INST/resetbar |               17 |             32 |         1.88 |
|  clock_IBUF_BUFG                                                  | internal_connections_inst/EXMEM_INST/aluresult_reg_reg[5]_8[0]         | internal_connections_inst/DATA_MEMORY_INST/resetbar |               19 |             32 |         1.68 |
|  clock_IBUF_BUFG                                                  | internal_connections_inst/EXMEM_INST/aluresult_reg_reg[5]_3[0]         | internal_connections_inst/DATA_MEMORY_INST/resetbar |               21 |             32 |         1.52 |
|  clock_IBUF_BUFG                                                  | internal_connections_inst/EXMEM_INST/aluresult_reg_reg[5]_5[0]         | internal_connections_inst/DATA_MEMORY_INST/resetbar |               15 |             32 |         2.13 |
|  clock_IBUF_BUFG                                                  | internal_connections_inst/EXMEM_INST/aluresult_reg_reg[5]_7[0]         | internal_connections_inst/DATA_MEMORY_INST/resetbar |               16 |             32 |         2.00 |
|  clock_IBUF_BUFG                                                  | internal_connections_inst/EXMEM_INST/aluresult_reg_reg[6]_2[0]         | internal_connections_inst/DATA_MEMORY_INST/resetbar |               18 |             32 |         1.78 |
|  debug_clk_IBUF_BUFG                                              | internal_connections_inst/instruction_memory_inst/mem_reg[104]0        | internal_connections_inst/DATA_MEMORY_INST/resetbar |               12 |             32 |         2.67 |
|  debug_clk_IBUF_BUFG                                              | internal_connections_inst/instruction_memory_inst/mem_reg[106]0        | internal_connections_inst/DATA_MEMORY_INST/resetbar |               12 |             32 |         2.67 |
|  debug_clk_IBUF_BUFG                                              | internal_connections_inst/instruction_memory_inst/mem_reg[120]0        | internal_connections_inst/DATA_MEMORY_INST/resetbar |               10 |             32 |         3.20 |
|  debug_clk_IBUF_BUFG                                              | internal_connections_inst/instruction_memory_inst/mem_reg[122]0        | internal_connections_inst/DATA_MEMORY_INST/resetbar |               12 |             32 |         2.67 |
|  debug_clk_IBUF_BUFG                                              | internal_connections_inst/instruction_memory_inst/mem_reg[123]0        | internal_connections_inst/DATA_MEMORY_INST/resetbar |               12 |             32 |         2.67 |
|  debug_clk_IBUF_BUFG                                              | internal_connections_inst/instruction_memory_inst/mem_reg[100]0        | internal_connections_inst/DATA_MEMORY_INST/resetbar |               10 |             32 |         3.20 |
|  debug_clk_IBUF_BUFG                                              | internal_connections_inst/instruction_memory_inst/mem_reg[127]0        | internal_connections_inst/DATA_MEMORY_INST/resetbar |               12 |             32 |         2.67 |
|  debug_clk_IBUF_BUFG                                              | internal_connections_inst/instruction_memory_inst/mem_reg[126]0        | internal_connections_inst/DATA_MEMORY_INST/resetbar |               12 |             32 |         2.67 |
|  debug_clk_IBUF_BUFG                                              | internal_connections_inst/instruction_memory_inst/mem_reg[14]0         | internal_connections_inst/DATA_MEMORY_INST/resetbar |                9 |             32 |         3.56 |
|  debug_clk_IBUF_BUFG                                              | internal_connections_inst/instruction_memory_inst/mem_reg[102]0        | internal_connections_inst/DATA_MEMORY_INST/resetbar |               12 |             32 |         2.67 |
|  debug_clk_IBUF_BUFG                                              | internal_connections_inst/instruction_memory_inst/mem_reg[108]0        | internal_connections_inst/DATA_MEMORY_INST/resetbar |               10 |             32 |         3.20 |
|  debug_clk_IBUF_BUFG                                              | internal_connections_inst/instruction_memory_inst/mem_reg[121]0        | internal_connections_inst/DATA_MEMORY_INST/resetbar |               15 |             32 |         2.13 |
|  debug_clk_IBUF_BUFG                                              | internal_connections_inst/instruction_memory_inst/mem_reg[17]0         | internal_connections_inst/DATA_MEMORY_INST/resetbar |               17 |             32 |         1.88 |
|  debug_clk_IBUF_BUFG                                              | internal_connections_inst/instruction_memory_inst/mem_reg[18]0         | internal_connections_inst/DATA_MEMORY_INST/resetbar |               15 |             32 |         2.13 |
|  debug_clk_IBUF_BUFG                                              | internal_connections_inst/instruction_memory_inst/mem_reg[19]0         | internal_connections_inst/DATA_MEMORY_INST/resetbar |               15 |             32 |         2.13 |
|  debug_clk_IBUF_BUFG                                              | internal_connections_inst/instruction_memory_inst/mem_reg[1]0          | internal_connections_inst/DATA_MEMORY_INST/resetbar |               11 |             32 |         2.91 |
|  debug_clk_IBUF_BUFG                                              | internal_connections_inst/instruction_memory_inst/mem_reg[11]0         | internal_connections_inst/DATA_MEMORY_INST/resetbar |               12 |             32 |         2.67 |
|  debug_clk_IBUF_BUFG                                              | internal_connections_inst/instruction_memory_inst/mem_reg[20]0         | internal_connections_inst/DATA_MEMORY_INST/resetbar |               13 |             32 |         2.46 |
|  debug_clk_IBUF_BUFG                                              | internal_connections_inst/instruction_memory_inst/mem_reg[101]0        | internal_connections_inst/DATA_MEMORY_INST/resetbar |               13 |             32 |         2.46 |
|  debug_clk_IBUF_BUFG                                              | internal_connections_inst/instruction_memory_inst/mem_reg[103]0        | internal_connections_inst/DATA_MEMORY_INST/resetbar |               13 |             32 |         2.46 |
|  debug_clk_IBUF_BUFG                                              | internal_connections_inst/instruction_memory_inst/mem_reg[107]0        | internal_connections_inst/DATA_MEMORY_INST/resetbar |               11 |             32 |         2.91 |
|  debug_clk_IBUF_BUFG                                              | internal_connections_inst/instruction_memory_inst/mem_reg[109]0        | internal_connections_inst/DATA_MEMORY_INST/resetbar |               11 |             32 |         2.91 |
|  debug_clk_IBUF_BUFG                                              | internal_connections_inst/instruction_memory_inst/mem_reg[119]0        | internal_connections_inst/DATA_MEMORY_INST/resetbar |               14 |             32 |         2.29 |
|  debug_clk_IBUF_BUFG                                              | internal_connections_inst/instruction_memory_inst/mem_reg[0]0          | internal_connections_inst/DATA_MEMORY_INST/resetbar |               10 |             32 |         3.20 |
|  debug_clk_IBUF_BUFG                                              | internal_connections_inst/instruction_memory_inst/mem_reg[116]0        | internal_connections_inst/DATA_MEMORY_INST/resetbar |               12 |             32 |         2.67 |
|  debug_clk_IBUF_BUFG                                              | internal_connections_inst/instruction_memory_inst/mem_reg[15]0         | internal_connections_inst/DATA_MEMORY_INST/resetbar |               10 |             32 |         3.20 |
|  debug_clk_IBUF_BUFG                                              | internal_connections_inst/instruction_memory_inst/mem_reg[10]0         | internal_connections_inst/DATA_MEMORY_INST/resetbar |               10 |             32 |         3.20 |
|  debug_clk_IBUF_BUFG                                              | internal_connections_inst/instruction_memory_inst/mem_reg[16]0         | internal_connections_inst/DATA_MEMORY_INST/resetbar |               14 |             32 |         2.29 |
|  debug_clk_IBUF_BUFG                                              | internal_connections_inst/instruction_memory_inst/mem_reg[115]0        | internal_connections_inst/DATA_MEMORY_INST/resetbar |               12 |             32 |         2.67 |
|  debug_clk_IBUF_BUFG                                              | internal_connections_inst/instruction_memory_inst/mem_reg[113]0        | internal_connections_inst/DATA_MEMORY_INST/resetbar |               16 |             32 |         2.00 |
|  debug_clk_IBUF_BUFG                                              | internal_connections_inst/instruction_memory_inst/mem_reg[111]0        | internal_connections_inst/DATA_MEMORY_INST/resetbar |                9 |             32 |         3.56 |
|  debug_clk_IBUF_BUFG                                              | internal_connections_inst/instruction_memory_inst/mem_reg[112]0        | internal_connections_inst/DATA_MEMORY_INST/resetbar |               16 |             32 |         2.00 |
|  debug_clk_IBUF_BUFG                                              | internal_connections_inst/instruction_memory_inst/mem_reg[114]0        | internal_connections_inst/DATA_MEMORY_INST/resetbar |               15 |             32 |         2.13 |
|  debug_clk_IBUF_BUFG                                              | internal_connections_inst/instruction_memory_inst/mem_reg[117]0        | internal_connections_inst/DATA_MEMORY_INST/resetbar |               12 |             32 |         2.67 |
|  debug_clk_IBUF_BUFG                                              | internal_connections_inst/instruction_memory_inst/mem_reg[110]0        | internal_connections_inst/DATA_MEMORY_INST/resetbar |               11 |             32 |         2.91 |
|  debug_clk_IBUF_BUFG                                              | internal_connections_inst/instruction_memory_inst/mem_reg[118]0        | internal_connections_inst/DATA_MEMORY_INST/resetbar |               14 |             32 |         2.29 |
|  debug_clk_IBUF_BUFG                                              | internal_connections_inst/instruction_memory_inst/mem_reg[124]0        | internal_connections_inst/DATA_MEMORY_INST/resetbar |               13 |             32 |         2.46 |
|  debug_clk_IBUF_BUFG                                              | internal_connections_inst/instruction_memory_inst/mem_reg[125]0        | internal_connections_inst/DATA_MEMORY_INST/resetbar |               11 |             32 |         2.91 |
|  debug_clk_IBUF_BUFG                                              | internal_connections_inst/instruction_memory_inst/mem_reg[105]0        | internal_connections_inst/DATA_MEMORY_INST/resetbar |               11 |             32 |         2.91 |
|  debug_clk_IBUF_BUFG                                              | internal_connections_inst/instruction_memory_inst/mem_reg[12]0         | internal_connections_inst/DATA_MEMORY_INST/resetbar |                8 |             32 |         4.00 |
|  debug_clk_IBUF_BUFG                                              | internal_connections_inst/instruction_memory_inst/mem_reg[13]0         | internal_connections_inst/DATA_MEMORY_INST/resetbar |               10 |             32 |         3.20 |
|  debug_clk_IBUF_BUFG                                              | internal_connections_inst/instruction_memory_inst/mem_reg[63]0         | internal_connections_inst/DATA_MEMORY_INST/resetbar |                7 |             32 |         4.57 |
|  debug_clk_IBUF_BUFG                                              | internal_connections_inst/instruction_memory_inst/mem_reg[72]0         | internal_connections_inst/DATA_MEMORY_INST/resetbar |                9 |             32 |         3.56 |
|  debug_clk_IBUF_BUFG                                              | internal_connections_inst/instruction_memory_inst/mem_reg[38]0         | internal_connections_inst/DATA_MEMORY_INST/resetbar |               14 |             32 |         2.29 |
|  debug_clk_IBUF_BUFG                                              | internal_connections_inst/instruction_memory_inst/mem_reg[76]0         | internal_connections_inst/DATA_MEMORY_INST/resetbar |               10 |             32 |         3.20 |
|  debug_clk_IBUF_BUFG                                              | internal_connections_inst/instruction_memory_inst/mem_reg[77]0         | internal_connections_inst/DATA_MEMORY_INST/resetbar |                8 |             32 |         4.00 |
|  debug_clk_IBUF_BUFG                                              | internal_connections_inst/instruction_memory_inst/mem_reg[78]0         | internal_connections_inst/DATA_MEMORY_INST/resetbar |                9 |             32 |         3.56 |
|  debug_clk_IBUF_BUFG                                              | internal_connections_inst/instruction_memory_inst/mem_reg[70]0         | internal_connections_inst/DATA_MEMORY_INST/resetbar |                9 |             32 |         3.56 |
|  debug_clk_IBUF_BUFG                                              | internal_connections_inst/instruction_memory_inst/mem_reg[79]0         | internal_connections_inst/DATA_MEMORY_INST/resetbar |                8 |             32 |         4.00 |
|  debug_clk_IBUF_BUFG                                              | internal_connections_inst/instruction_memory_inst/mem_reg[32]0         | internal_connections_inst/DATA_MEMORY_INST/resetbar |               11 |             32 |         2.91 |
|  debug_clk_IBUF_BUFG                                              | internal_connections_inst/instruction_memory_inst/mem_reg[36]0         | internal_connections_inst/DATA_MEMORY_INST/resetbar |               13 |             32 |         2.46 |
|  debug_clk_IBUF_BUFG                                              | internal_connections_inst/instruction_memory_inst/mem_reg[52]0         | internal_connections_inst/DATA_MEMORY_INST/resetbar |                8 |             32 |         4.00 |
|  debug_clk_IBUF_BUFG                                              | internal_connections_inst/instruction_memory_inst/mem_reg[53]0         | internal_connections_inst/DATA_MEMORY_INST/resetbar |               13 |             32 |         2.46 |
|  debug_clk_IBUF_BUFG                                              | internal_connections_inst/instruction_memory_inst/mem_reg[4]0          | internal_connections_inst/DATA_MEMORY_INST/resetbar |               12 |             32 |         2.67 |
|  debug_clk_IBUF_BUFG                                              | internal_connections_inst/instruction_memory_inst/mem_reg[67]0         | internal_connections_inst/DATA_MEMORY_INST/resetbar |                9 |             32 |         3.56 |
|  debug_clk_IBUF_BUFG                                              | internal_connections_inst/instruction_memory_inst/mem_reg[37]0         | internal_connections_inst/DATA_MEMORY_INST/resetbar |               15 |             32 |         2.13 |
|  debug_clk_IBUF_BUFG                                              | internal_connections_inst/instruction_memory_inst/mem_reg[2]0          | internal_connections_inst/DATA_MEMORY_INST/resetbar |               11 |             32 |         2.91 |
|  debug_clk_IBUF_BUFG                                              | internal_connections_inst/instruction_memory_inst/mem_reg[64]0         | internal_connections_inst/DATA_MEMORY_INST/resetbar |                8 |             32 |         4.00 |
|  debug_clk_IBUF_BUFG                                              | internal_connections_inst/instruction_memory_inst/mem_reg[24]0         | internal_connections_inst/DATA_MEMORY_INST/resetbar |               17 |             32 |         1.88 |
|  debug_clk_IBUF_BUFG                                              | internal_connections_inst/instruction_memory_inst/mem_reg[34]0         | internal_connections_inst/DATA_MEMORY_INST/resetbar |               13 |             32 |         2.46 |
|  debug_clk_IBUF_BUFG                                              | internal_connections_inst/instruction_memory_inst/mem_reg[27]0         | internal_connections_inst/DATA_MEMORY_INST/resetbar |               14 |             32 |         2.29 |
|  debug_clk_IBUF_BUFG                                              | internal_connections_inst/instruction_memory_inst/mem_reg[31]0         | internal_connections_inst/DATA_MEMORY_INST/resetbar |               17 |             32 |         1.88 |
|  debug_clk_IBUF_BUFG                                              | internal_connections_inst/instruction_memory_inst/mem_reg[41]0         | internal_connections_inst/DATA_MEMORY_INST/resetbar |               14 |             32 |         2.29 |
|  debug_clk_IBUF_BUFG                                              | internal_connections_inst/instruction_memory_inst/mem_reg[48]0         | internal_connections_inst/DATA_MEMORY_INST/resetbar |                7 |             32 |         4.57 |
|  debug_clk_IBUF_BUFG                                              | internal_connections_inst/instruction_memory_inst/mem_reg[42]0         | internal_connections_inst/DATA_MEMORY_INST/resetbar |               12 |             32 |         2.67 |
|  debug_clk_IBUF_BUFG                                              | internal_connections_inst/instruction_memory_inst/mem_reg[50]0         | internal_connections_inst/DATA_MEMORY_INST/resetbar |                8 |             32 |         4.00 |
|  debug_clk_IBUF_BUFG                                              | internal_connections_inst/instruction_memory_inst/mem_reg[59]0         | internal_connections_inst/DATA_MEMORY_INST/resetbar |                8 |             32 |         4.00 |
|  debug_clk_IBUF_BUFG                                              | internal_connections_inst/instruction_memory_inst/mem_reg[61]0         | internal_connections_inst/DATA_MEMORY_INST/resetbar |                9 |             32 |         3.56 |
|  debug_clk_IBUF_BUFG                                              | internal_connections_inst/instruction_memory_inst/mem_reg[6]0          | internal_connections_inst/DATA_MEMORY_INST/resetbar |                8 |             32 |         4.00 |
|  debug_clk_IBUF_BUFG                                              | internal_connections_inst/instruction_memory_inst/mem_reg[23]0         | internal_connections_inst/DATA_MEMORY_INST/resetbar |               19 |             32 |         1.68 |
|  debug_clk_IBUF_BUFG                                              | internal_connections_inst/instruction_memory_inst/mem_reg[56]0         | internal_connections_inst/DATA_MEMORY_INST/resetbar |                8 |             32 |         4.00 |
|  debug_clk_IBUF_BUFG                                              | internal_connections_inst/instruction_memory_inst/mem_reg[25]0         | internal_connections_inst/DATA_MEMORY_INST/resetbar |               17 |             32 |         1.88 |
|  debug_clk_IBUF_BUFG                                              | internal_connections_inst/instruction_memory_inst/mem_reg[21]0         | internal_connections_inst/DATA_MEMORY_INST/resetbar |               12 |             32 |         2.67 |
|  debug_clk_IBUF_BUFG                                              | internal_connections_inst/instruction_memory_inst/mem_reg[40]0         | internal_connections_inst/DATA_MEMORY_INST/resetbar |               15 |             32 |         2.13 |
|  debug_clk_IBUF_BUFG                                              | internal_connections_inst/instruction_memory_inst/mem_reg[43]0         | internal_connections_inst/DATA_MEMORY_INST/resetbar |               10 |             32 |         3.20 |
|  debug_clk_IBUF_BUFG                                              | internal_connections_inst/instruction_memory_inst/mem_reg[28]0         | internal_connections_inst/DATA_MEMORY_INST/resetbar |               16 |             32 |         2.00 |
|  debug_clk_IBUF_BUFG                                              | internal_connections_inst/instruction_memory_inst/mem_reg[46]0         | internal_connections_inst/DATA_MEMORY_INST/resetbar |               11 |             32 |         2.91 |
|  debug_clk_IBUF_BUFG                                              | internal_connections_inst/instruction_memory_inst/mem_reg[60]0         | internal_connections_inst/DATA_MEMORY_INST/resetbar |                8 |             32 |         4.00 |
|  debug_clk_IBUF_BUFG                                              | internal_connections_inst/instruction_memory_inst/mem_reg[26]0         | internal_connections_inst/DATA_MEMORY_INST/resetbar |               15 |             32 |         2.13 |
|  debug_clk_IBUF_BUFG                                              | internal_connections_inst/instruction_memory_inst/mem_reg[45]0         | internal_connections_inst/DATA_MEMORY_INST/resetbar |                9 |             32 |         3.56 |
|  debug_clk_IBUF_BUFG                                              | internal_connections_inst/instruction_memory_inst/mem_reg[68]0         | internal_connections_inst/DATA_MEMORY_INST/resetbar |                8 |             32 |         4.00 |
|  debug_clk_IBUF_BUFG                                              | internal_connections_inst/instruction_memory_inst/mem_reg[73]0         | internal_connections_inst/DATA_MEMORY_INST/resetbar |               10 |             32 |         3.20 |
|  debug_clk_IBUF_BUFG                                              | internal_connections_inst/instruction_memory_inst/mem_reg[74]0         | internal_connections_inst/DATA_MEMORY_INST/resetbar |               12 |             32 |         2.67 |
|  debug_clk_IBUF_BUFG                                              | internal_connections_inst/instruction_memory_inst/mem_reg[75]0         | internal_connections_inst/DATA_MEMORY_INST/resetbar |                9 |             32 |         3.56 |
|  debug_clk_IBUF_BUFG                                              | internal_connections_inst/instruction_memory_inst/mem_reg[35]0         | internal_connections_inst/DATA_MEMORY_INST/resetbar |               15 |             32 |         2.13 |
|  debug_clk_IBUF_BUFG                                              | internal_connections_inst/instruction_memory_inst/mem_reg[30]0         | internal_connections_inst/DATA_MEMORY_INST/resetbar |               15 |             32 |         2.13 |
|  debug_clk_IBUF_BUFG                                              | internal_connections_inst/instruction_memory_inst/mem_reg[3]0          | internal_connections_inst/DATA_MEMORY_INST/resetbar |               10 |             32 |         3.20 |
|  debug_clk_IBUF_BUFG                                              | internal_connections_inst/instruction_memory_inst/mem_reg[51]0         | internal_connections_inst/DATA_MEMORY_INST/resetbar |                8 |             32 |         4.00 |
|  debug_clk_IBUF_BUFG                                              | internal_connections_inst/instruction_memory_inst/mem_reg[55]0         | internal_connections_inst/DATA_MEMORY_INST/resetbar |                7 |             32 |         4.57 |
|  debug_clk_IBUF_BUFG                                              | internal_connections_inst/instruction_memory_inst/mem_reg[22]0         | internal_connections_inst/DATA_MEMORY_INST/resetbar |               15 |             32 |         2.13 |
|  debug_clk_IBUF_BUFG                                              | internal_connections_inst/instruction_memory_inst/mem_reg[47]0         | internal_connections_inst/DATA_MEMORY_INST/resetbar |                9 |             32 |         3.56 |
|  debug_clk_IBUF_BUFG                                              | internal_connections_inst/instruction_memory_inst/mem_reg[57]0         | internal_connections_inst/DATA_MEMORY_INST/resetbar |                8 |             32 |         4.00 |
|  debug_clk_IBUF_BUFG                                              | internal_connections_inst/instruction_memory_inst/mem_reg[5]0          | internal_connections_inst/DATA_MEMORY_INST/resetbar |               12 |             32 |         2.67 |
|  debug_clk_IBUF_BUFG                                              | internal_connections_inst/instruction_memory_inst/mem_reg[62]0         | internal_connections_inst/DATA_MEMORY_INST/resetbar |                9 |             32 |         3.56 |
|  debug_clk_IBUF_BUFG                                              | internal_connections_inst/instruction_memory_inst/mem_reg[33]0         | internal_connections_inst/DATA_MEMORY_INST/resetbar |               12 |             32 |         2.67 |
|  debug_clk_IBUF_BUFG                                              | internal_connections_inst/instruction_memory_inst/mem_reg[54]0         | internal_connections_inst/DATA_MEMORY_INST/resetbar |                7 |             32 |         4.57 |
|  debug_clk_IBUF_BUFG                                              | internal_connections_inst/instruction_memory_inst/mem_reg[65]0         | internal_connections_inst/DATA_MEMORY_INST/resetbar |                8 |             32 |         4.00 |
|  debug_clk_IBUF_BUFG                                              | internal_connections_inst/instruction_memory_inst/mem_reg[66]0         | internal_connections_inst/DATA_MEMORY_INST/resetbar |                8 |             32 |         4.00 |
|  debug_clk_IBUF_BUFG                                              | internal_connections_inst/instruction_memory_inst/mem_reg[29]0         | internal_connections_inst/DATA_MEMORY_INST/resetbar |               14 |             32 |         2.29 |
|  debug_clk_IBUF_BUFG                                              | internal_connections_inst/instruction_memory_inst/mem_reg[69]0         | internal_connections_inst/DATA_MEMORY_INST/resetbar |               11 |             32 |         2.91 |
|  debug_clk_IBUF_BUFG                                              | internal_connections_inst/instruction_memory_inst/mem_reg[58]0         | internal_connections_inst/DATA_MEMORY_INST/resetbar |                7 |             32 |         4.57 |
|  debug_clk_IBUF_BUFG                                              | internal_connections_inst/instruction_memory_inst/mem_reg[71]0         | internal_connections_inst/DATA_MEMORY_INST/resetbar |                8 |             32 |         4.00 |
|  debug_clk_IBUF_BUFG                                              | internal_connections_inst/instruction_memory_inst/mem_reg[49]0         | internal_connections_inst/DATA_MEMORY_INST/resetbar |                7 |             32 |         4.57 |
|  debug_clk_IBUF_BUFG                                              | internal_connections_inst/instruction_memory_inst/mem_reg[39]0         | internal_connections_inst/DATA_MEMORY_INST/resetbar |               11 |             32 |         2.91 |
|  debug_clk_IBUF_BUFG                                              | internal_connections_inst/instruction_memory_inst/mem_reg[44]0         | internal_connections_inst/DATA_MEMORY_INST/resetbar |               11 |             32 |         2.91 |
|  debug_clk_IBUF_BUFG                                              | internal_connections_inst/instruction_memory_inst/mem_reg[7]0          | internal_connections_inst/DATA_MEMORY_INST/resetbar |                9 |             32 |         3.56 |
|  debug_clk_IBUF_BUFG                                              | internal_connections_inst/instruction_memory_inst/mem_reg[95]0         | internal_connections_inst/DATA_MEMORY_INST/resetbar |               11 |             32 |         2.91 |
|  debug_clk_IBUF_BUFG                                              | internal_connections_inst/instruction_memory_inst/mem_reg[84]0         | internal_connections_inst/DATA_MEMORY_INST/resetbar |               14 |             32 |         2.29 |
|  debug_clk_IBUF_BUFG                                              | internal_connections_inst/instruction_memory_inst/mem_reg[81]0         | internal_connections_inst/DATA_MEMORY_INST/resetbar |               17 |             32 |         1.88 |
|  debug_clk_IBUF_BUFG                                              | internal_connections_inst/instruction_memory_inst/mem_reg[87]0         | internal_connections_inst/DATA_MEMORY_INST/resetbar |               14 |             32 |         2.29 |
|  debug_clk_IBUF_BUFG                                              | internal_connections_inst/instruction_memory_inst/mem_reg[88]0         | internal_connections_inst/DATA_MEMORY_INST/resetbar |               12 |             32 |         2.67 |
|  debug_clk_IBUF_BUFG                                              | internal_connections_inst/instruction_memory_inst/mem_reg[94]0         | internal_connections_inst/DATA_MEMORY_INST/resetbar |               10 |             32 |         3.20 |
|  debug_clk_IBUF_BUFG                                              | internal_connections_inst/instruction_memory_inst/mem_reg[80]0         | internal_connections_inst/DATA_MEMORY_INST/resetbar |               13 |             32 |         2.46 |
|  debug_clk_IBUF_BUFG                                              | internal_connections_inst/instruction_memory_inst/mem_reg[96]0         | internal_connections_inst/DATA_MEMORY_INST/resetbar |                9 |             32 |         3.56 |
|  debug_clk_IBUF_BUFG                                              | internal_connections_inst/instruction_memory_inst/mem_reg[99]0         | internal_connections_inst/DATA_MEMORY_INST/resetbar |                9 |             32 |         3.56 |
|  debug_clk_IBUF_BUFG                                              | internal_connections_inst/instruction_memory_inst/mem_reg[98]0         | internal_connections_inst/DATA_MEMORY_INST/resetbar |               10 |             32 |         3.20 |
|  debug_clk_IBUF_BUFG                                              | internal_connections_inst/instruction_memory_inst/mem_reg[86]0         | internal_connections_inst/DATA_MEMORY_INST/resetbar |               12 |             32 |         2.67 |
|  debug_clk_IBUF_BUFG                                              | internal_connections_inst/instruction_memory_inst/mem_reg[93]0         | internal_connections_inst/DATA_MEMORY_INST/resetbar |               12 |             32 |         2.67 |
|  debug_clk_IBUF_BUFG                                              | internal_connections_inst/instruction_memory_inst/mem_reg[97]0         | internal_connections_inst/DATA_MEMORY_INST/resetbar |                9 |             32 |         3.56 |
|  debug_clk_IBUF_BUFG                                              | internal_connections_inst/instruction_memory_inst/mem_reg[9]0          | internal_connections_inst/DATA_MEMORY_INST/resetbar |                8 |             32 |         4.00 |
|  debug_clk_IBUF_BUFG                                              | internal_connections_inst/instruction_memory_inst/mem_reg[82]0         | internal_connections_inst/DATA_MEMORY_INST/resetbar |               12 |             32 |         2.67 |
|  debug_clk_IBUF_BUFG                                              | internal_connections_inst/instruction_memory_inst/mem_reg[92]0         | internal_connections_inst/DATA_MEMORY_INST/resetbar |               11 |             32 |         2.91 |
|  debug_clk_IBUF_BUFG                                              | internal_connections_inst/instruction_memory_inst/mem_reg[91]0         | internal_connections_inst/DATA_MEMORY_INST/resetbar |               12 |             32 |         2.67 |
|  debug_clk_IBUF_BUFG                                              | internal_connections_inst/instruction_memory_inst/mem_reg[83]0         | internal_connections_inst/DATA_MEMORY_INST/resetbar |                9 |             32 |         3.56 |
|  debug_clk_IBUF_BUFG                                              | internal_connections_inst/instruction_memory_inst/mem_reg[8]0          | internal_connections_inst/DATA_MEMORY_INST/resetbar |                9 |             32 |         3.56 |
|  debug_clk_IBUF_BUFG                                              | internal_connections_inst/instruction_memory_inst/mem_reg[89]0         | internal_connections_inst/DATA_MEMORY_INST/resetbar |               11 |             32 |         2.91 |
|  debug_clk_IBUF_BUFG                                              | internal_connections_inst/instruction_memory_inst/mem_reg[90]0         | internal_connections_inst/DATA_MEMORY_INST/resetbar |               12 |             32 |         2.67 |
|  debug_clk_IBUF_BUFG                                              | internal_connections_inst/instruction_memory_inst/mem_reg[85]0         | internal_connections_inst/DATA_MEMORY_INST/resetbar |               12 |             32 |         2.67 |
|  n_0_8265_BUFG                                                    |                                                                        |                                                     |               13 |             33 |         2.54 |
|  clock_IBUF_BUFG                                                  | internal_connections_inst/IDEX_INST/rs2_reg                            | internal_connections_inst/DATA_MEMORY_INST/resetbar |               13 |             52 |         4.00 |
|  debug_clk_IBUF_BUFG                                              |                                                                        |                                                     |               43 |             64 |         1.49 |
|  clock_IBUF_BUFG                                                  |                                                                        | internal_connections_inst/DATA_MEMORY_INST/resetbar |               80 |            299 |         3.74 |
+-------------------------------------------------------------------+------------------------------------------------------------------------+-----------------------------------------------------+------------------+----------------+--------------+


